// Jest Snapshot v1, https://goo.gl/fbAQLP

exports[`<ChangeColorButton /> Matches snapshot 1`] = `
<DocumentFragment>
  <div
    class="NoobProject"
    title="Change Color Button"
  >
    <div
      class="NoobProjectHeader"
    >
      <h2>
        Change Color Button
      </h2>
    </div>
    <div
      class="NoobProjectMain NoobChangeColorButton"
    >
      <button
        style="background-color: rgb(255, 0, 0);"
      >
        Red
      </button>
      <label
        class="MuiInputLabel-root MuiInputLabel-animated MuiFormLabel-root MuiFormLabel-colorPrimary css-9npbnl-MuiFormLabel-root-MuiInputLabel-root"
      >
        <span
          class="MuiCheckbox-root MuiCheckbox-colorPrimary MuiButtonBase-root MuiCheckbox-root MuiCheckbox-colorPrimary PrivateSwitchBase-root css-12wnr2w-MuiButtonBase-root-MuiCheckbox-root"
        >
          <input
            class="PrivateSwitchBase-input css-1m9pwf3"
            data-indeterminate="false"
            type="checkbox"
          />
          <svg
            aria-hidden="true"
            class="MuiSvgIcon-root MuiSvgIcon-fontSizeMedium css-i4bv87-MuiSvgIcon-root"
            data-testid="CheckBoxOutlineBlankIcon"
            focusable="false"
            viewBox="0 0 24 24"
          >
            <path
              d="M19 5v14H5V5h14m0-2H5c-1.1 0-2 .9-2 2v14c0 1.1.9 2 2 2h14c1.1 0 2-.9 2-2V5c0-1.1-.9-2-2-2z"
            />
          </svg>
          <span
            class="MuiTouchRipple-root css-8je8zh-MuiTouchRipple-root"
          />
        </span>
         Red
      </label>
    </div>
  </div>
</DocumentFragment>
`;
