// Jest Snapshot v1, https://goo.gl/fbAQLP

exports[`Render without crashing 1`] = `
<DocumentFragment>
  <button
    data-testid="counter-button"
  >
    <span />
  </button>
</DocumentFragment>
`;
