// Jest Snapshot v1, https://goo.gl/fbAQLP

exports[`<AtomMagicWordIndex /> Expect to render correctly 1`] = `ShallowWrapper {}`;

exports[`<AtomMagicWordIndex /> Expect to render correctly 2`] = `ShallowWrapper {}`;
